Vivado Simulator v2025.2
Copyright 1986-2022 Xilinx, Inc. All Rights Reserved.
Copyright 2022-2025 Advanced Micro Devices, Inc. All Rights Reserved.
Running: C:/AMDDesignTools/2025.2/Vivado/bin/unwrapped/win64.o/xelab.exe --incr --debug typical --relax --mt 2 -L xil_defaultlib -L unisims_ver -L unimacro_ver -L secureip --snapshot aes_top_tb_behav xil_defaultlib.aes_top_tb xil_defaultlib.glbl -log elaborate.log 
Using 2 slave threads.
Starting static elaboration
Pass Through NonSizing Optimizer
Completed static elaboration
Starting simulation data flow analysis
WARNING: [XSIM 43-4099] "C:/Users/rauna/Documents/verilog_vivado/PBL_AES128bits_whole/PBL_AES128bits_whole.srcs/sources_1/new/aes_top.v" Line 4. Module aes_top doesn't have a timescale but at least one module in design has a timescale.
WARNING: [XSIM 43-4099] "C:/Users/rauna/Documents/verilog_vivado/PBL_AES128bits_whole/PBL_AES128bits_whole.srcs/sources_1/new/cipher.v" Line 17. Module cipher_default doesn't have a timescale but at least one module in design has a timescale.
Completed simulation data flow analysis
Time Resolution for simulation is 1ps
Compiling module xil_defaultlib.clock_divider
Compiling module xil_defaultlib.key_expansion
Compiling module xil_defaultlib.s_box
Compiling module xil_defaultlib.cipher_default
Compiling module xil_defaultlib.inv_s_box
Compiling module xil_defaultlib.inv_cipher_default
Compiling module xil_defaultlib.aes_top
Compiling module xil_defaultlib.aes_top_tb
Compiling module xil_defaultlib.glbl
Built simulation snapshot aes_top_tb_behav
