
*** Running vivado
    with args -log aes_top.vds -m64 -product Vivado -mode batch -messageDb vivado.pb -notrace -source aes_top.tcl



****** Vivado v2025.2 (64-bit)
  **** SW Build 6299465 on Fri Nov 14 19:35:11 GMT 2025
  **** IP Build 6300035 on Fri Nov 14 10:48:45 MST 2025
  **** SharedData Build 6298862 on Thu Nov 13 04:50:51 MST 2025
  **** Start of session at: Fri Apr 10 23:08:28 2026
    ** Copyright 1986-2022 Xilinx, Inc. All Rights Reserved.
    ** Copyright 2022-2025 Advanced Micro Devices, Inc. All Rights Reserved.

Sourcing tcl script 'C:/AMDDesignTools/2025.2/Vivado/scripts/Vivado_init.tcl'
source aes_top.tcl -notrace
WARNING: [Board 49-91] Board repository path '<extracted path>/vivado-boards/new/board_files' does not exist, it will not be used to search board files.
create_project: Time (s): cpu = 00:00:11 ; elapsed = 00:00:09 . Memory (MB): peak = 592.012 ; gain = 257.562
Command: synth_design -top aes_top -part xc7a35tcpg236-1
Starting synth_design
Attempting to get a license for feature 'Synthesis' and/or device 'xc7a35t'
INFO: [Common 17-349] Got license for feature 'Synthesis' and/or device 'xc7a35t'
INFO: [Synth 8-7079] Multithreading enabled for synth_design using a maximum of 2 processes.
INFO: [Synth 8-7078] Launching helper process for spawning children vivado processes
INFO: [Synth 8-7075] Helper process launched with PID 9020
---------------------------------------------------------------------------------
Starting Synthesize : Time (s): cpu = 00:00:05 ; elapsed = 00:00:06 . Memory (MB): peak = 1132.391 ; gain = 535.398
---------------------------------------------------------------------------------
INFO: [Synth 8-6157] synthesizing module 'aes_top' [C:/Users/rauna/Documents/verilog_vivado/PBL_AES128bits_whole/PBL_AES128bits_whole.srcs/sources_1/new/aes_top.v:2]
INFO: [Synth 8-6157] synthesizing module 'clock_divider' [C:/Users/rauna/Documents/verilog_vivado/PBL_AES128bits_whole/PBL_AES128bits_whole.srcs/sources_1/new/clock_divider.v:3]
INFO: [Synth 8-251] CLK_DIVISOR = 4 [C:/Users/rauna/Documents/verilog_vivado/PBL_AES128bits_whole/PBL_AES128bits_whole.srcs/sources_1/new/clock_divider.v:14]
INFO: [Synth 8-6155] done synthesizing module 'clock_divider' (0#1) [C:/Users/rauna/Documents/verilog_vivado/PBL_AES128bits_whole/PBL_AES128bits_whole.srcs/sources_1/new/clock_divider.v:3]
INFO: [Synth 8-6157] synthesizing module 'key_expansion' [C:/Users/rauna/Documents/verilog_vivado/PBL_AES128bits_whole/PBL_AES128bits_whole.srcs/sources_1/new/key_expansion.v:3]
INFO: [Synth 8-6157] synthesizing module 's_box' [C:/Users/rauna/Documents/verilog_vivado/PBL_AES128bits_whole/PBL_AES128bits_whole.srcs/sources_1/new/s_box.v:3]
INFO: [Synth 8-226] default block is never used [C:/Users/rauna/Documents/verilog_vivado/PBL_AES128bits_whole/PBL_AES128bits_whole.srcs/sources_1/new/s_box.v:9]
INFO: [Synth 8-6155] done synthesizing module 's_box' (0#1) [C:/Users/rauna/Documents/verilog_vivado/PBL_AES128bits_whole/PBL_AES128bits_whole.srcs/sources_1/new/s_box.v:3]
INFO: [Synth 8-6155] done synthesizing module 'key_expansion' (0#1) [C:/Users/rauna/Documents/verilog_vivado/PBL_AES128bits_whole/PBL_AES128bits_whole.srcs/sources_1/new/key_expansion.v:3]
INFO: [Synth 8-6157] synthesizing module 'cipher' [C:/Users/rauna/Documents/verilog_vivado/PBL_AES128bits_whole/PBL_AES128bits_whole.srcs/sources_1/new/cipher.v:3]
INFO: [Synth 8-6155] done synthesizing module 'cipher' (0#1) [C:/Users/rauna/Documents/verilog_vivado/PBL_AES128bits_whole/PBL_AES128bits_whole.srcs/sources_1/new/cipher.v:3]
INFO: [Synth 8-6157] synthesizing module 'inv_cipher' [C:/Users/rauna/Documents/verilog_vivado/PBL_AES128bits_whole/PBL_AES128bits_whole.srcs/sources_1/new/inv_cipher.v:3]
INFO: [Synth 8-6157] synthesizing module 'inv_s_box' [C:/Users/rauna/Documents/verilog_vivado/PBL_AES128bits_whole/PBL_AES128bits_whole.srcs/sources_1/new/inv_s_box.v:3]
INFO: [Synth 8-226] default block is never used [C:/Users/rauna/Documents/verilog_vivado/PBL_AES128bits_whole/PBL_AES128bits_whole.srcs/sources_1/new/inv_s_box.v:9]
INFO: [Synth 8-6155] done synthesizing module 'inv_s_box' (0#1) [C:/Users/rauna/Documents/verilog_vivado/PBL_AES128bits_whole/PBL_AES128bits_whole.srcs/sources_1/new/inv_s_box.v:3]
INFO: [Synth 8-6155] done synthesizing module 'inv_cipher' (0#1) [C:/Users/rauna/Documents/verilog_vivado/PBL_AES128bits_whole/PBL_AES128bits_whole.srcs/sources_1/new/inv_cipher.v:3]
INFO: [Synth 8-6155] done synthesizing module 'aes_top' (0#1) [C:/Users/rauna/Documents/verilog_vivado/PBL_AES128bits_whole/PBL_AES128bits_whole.srcs/sources_1/new/aes_top.v:2]
WARNING: [Synth 8-7137] Register led_reg in module aes_top has both Set and reset with same priority. This may cause simulation mismatches. Consider rewriting code  [C:/Users/rauna/Documents/verilog_vivado/PBL_AES128bits_whole/PBL_AES128bits_whole.srcs/sources_1/new/aes_top.v:129]
WARNING: [Synth 8-3917] design aes_top has port dbg_key[127] driven by constant 0
WARNING: [Synth 8-3917] design aes_top has port dbg_key[126] driven by constant 0
WARNING: [Synth 8-3917] design aes_top has port dbg_key[125] driven by constant 1
WARNING: [Synth 8-3917] design aes_top has port dbg_key[124] driven by constant 0
WARNING: [Synth 8-3917] design aes_top has port dbg_key[123] driven by constant 1
WARNING: [Synth 8-3917] design aes_top has port dbg_key[122] driven by constant 0
WARNING: [Synth 8-3917] design aes_top has port dbg_key[121] driven by constant 1
WARNING: [Synth 8-3917] design aes_top has port dbg_key[120] driven by constant 1
WARNING: [Synth 8-3917] design aes_top has port dbg_key[119] driven by constant 0
WARNING: [Synth 8-3917] design aes_top has port dbg_key[118] driven by constant 1
WARNING: [Synth 8-3917] design aes_top has port dbg_key[117] driven by constant 1
WARNING: [Synth 8-3917] design aes_top has port dbg_key[116] driven by constant 1
WARNING: [Synth 8-3917] design aes_top has port dbg_key[115] driven by constant 1
WARNING: [Synth 8-3917] design aes_top has port dbg_key[114] driven by constant 1
WARNING: [Synth 8-3917] design aes_top has port dbg_key[113] driven by constant 1
WARNING: [Synth 8-3917] design aes_top has port dbg_key[112] driven by constant 0
WARNING: [Synth 8-3917] design aes_top has port dbg_key[111] driven by constant 0
WARNING: [Synth 8-3917] design aes_top has port dbg_key[110] driven by constant 0
WARNING: [Synth 8-3917] design aes_top has port dbg_key[109] driven by constant 0
WARNING: [Synth 8-3917] design aes_top has port dbg_key[108] driven by constant 1
WARNING: [Synth 8-3917] design aes_top has port dbg_key[107] driven by constant 0
WARNING: [Synth 8-3917] design aes_top has port dbg_key[106] driven by constant 1
WARNING: [Synth 8-3917] design aes_top has port dbg_key[105] driven by constant 0
WARNING: [Synth 8-3917] design aes_top has port dbg_key[104] driven by constant 1
WARNING: [Synth 8-3917] design aes_top has port dbg_key[103] driven by constant 0
WARNING: [Synth 8-3917] design aes_top has port dbg_key[102] driven by constant 0
WARNING: [Synth 8-3917] design aes_top has port dbg_key[101] driven by constant 0
WARNING: [Synth 8-3917] design aes_top has port dbg_key[100] driven by constant 1
WARNING: [Synth 8-3917] design aes_top has port dbg_key[99] driven by constant 0
WARNING: [Synth 8-3917] design aes_top has port dbg_key[98] driven by constant 1
WARNING: [Synth 8-3917] design aes_top has port dbg_key[97] driven by constant 1
WARNING: [Synth 8-3917] design aes_top has port dbg_key[96] driven by constant 0
WARNING: [Synth 8-3917] design aes_top has port dbg_key[95] driven by constant 0
WARNING: [Synth 8-3917] design aes_top has port dbg_key[94] driven by constant 0
WARNING: [Synth 8-3917] design aes_top has port dbg_key[93] driven by constant 1
WARNING: [Synth 8-3917] design aes_top has port dbg_key[92] driven by constant 0
WARNING: [Synth 8-3917] design aes_top has port dbg_key[91] driven by constant 1
WARNING: [Synth 8-3917] design aes_top has port dbg_key[90] driven by constant 0
WARNING: [Synth 8-3917] design aes_top has port dbg_key[89] driven by constant 0
WARNING: [Synth 8-3917] design aes_top has port dbg_key[88] driven by constant 0
WARNING: [Synth 8-3917] design aes_top has port dbg_key[87] driven by constant 1
WARNING: [Synth 8-3917] design aes_top has port dbg_key[86] driven by constant 0
WARNING: [Synth 8-3917] design aes_top has port dbg_key[85] driven by constant 1
WARNING: [Synth 8-3917] design aes_top has port dbg_key[84] driven by constant 0
WARNING: [Synth 8-3917] design aes_top has port dbg_key[83] driven by constant 1
WARNING: [Synth 8-3917] design aes_top has port dbg_key[82] driven by constant 1
WARNING: [Synth 8-3917] design aes_top has port dbg_key[81] driven by constant 1
WARNING: [Synth 8-3917] design aes_top has port dbg_key[80] driven by constant 0
WARNING: [Synth 8-3917] design aes_top has port dbg_key[79] driven by constant 1
WARNING: [Synth 8-3917] design aes_top has port dbg_key[78] driven by constant 1
WARNING: [Synth 8-3917] design aes_top has port dbg_key[77] driven by constant 0
WARNING: [Synth 8-3917] design aes_top has port dbg_key[76] driven by constant 1
WARNING: [Synth 8-3917] design aes_top has port dbg_key[75] driven by constant 0
WARNING: [Synth 8-3917] design aes_top has port dbg_key[74] driven by constant 0
WARNING: [Synth 8-3917] design aes_top has port dbg_key[73] driven by constant 1
WARNING: [Synth 8-3917] design aes_top has port dbg_key[72] driven by constant 0
WARNING: [Synth 8-3917] design aes_top has port dbg_key[71] driven by constant 1
WARNING: [Synth 8-3917] design aes_top has port dbg_key[70] driven by constant 0
WARNING: [Synth 8-3917] design aes_top has port dbg_key[69] driven by constant 1
WARNING: [Synth 8-3917] design aes_top has port dbg_key[68] driven by constant 0
WARNING: [Synth 8-3917] design aes_top has port dbg_key[67] driven by constant 0
WARNING: [Synth 8-3917] design aes_top has port dbg_key[66] driven by constant 1
WARNING: [Synth 8-3917] design aes_top has port dbg_key[65] driven by constant 1
WARNING: [Synth 8-3917] design aes_top has port dbg_key[64] driven by constant 0
WARNING: [Synth 8-3917] design aes_top has port dbg_key[63] driven by constant 1
WARNING: [Synth 8-3917] design aes_top has port dbg_key[62] driven by constant 0
WARNING: [Synth 8-3917] design aes_top has port dbg_key[61] driven by constant 1
WARNING: [Synth 8-3917] design aes_top has port dbg_key[60] driven by constant 0
WARNING: [Synth 8-3917] design aes_top has port dbg_key[59] driven by constant 1
WARNING: [Synth 8-3917] design aes_top has port dbg_key[58] driven by constant 0
WARNING: [Synth 8-3917] design aes_top has port dbg_key[57] driven by constant 1
WARNING: [Synth 8-3917] design aes_top has port dbg_key[56] driven by constant 1
WARNING: [Synth 8-3917] design aes_top has port dbg_key[55] driven by constant 1
WARNING: [Synth 8-3917] design aes_top has port dbg_key[54] driven by constant 1
WARNING: [Synth 8-3917] design aes_top has port dbg_key[53] driven by constant 1
WARNING: [Synth 8-3917] design aes_top has port dbg_key[52] driven by constant 1
WARNING: [Synth 8-3917] design aes_top has port dbg_key[51] driven by constant 0
WARNING: [Synth 8-3917] design aes_top has port dbg_key[50] driven by constant 1
WARNING: [Synth 8-3917] design aes_top has port dbg_key[49] driven by constant 1
WARNING: [Synth 8-3917] design aes_top has port dbg_key[48] driven by constant 1
WARNING: [Synth 8-3917] design aes_top has port dbg_key[47] driven by constant 0
WARNING: [Synth 8-3917] design aes_top has port dbg_key[46] driven by constant 0
WARNING: [Synth 8-3917] design aes_top has port dbg_key[45] driven by constant 0
WARNING: [Synth 8-3917] design aes_top has port dbg_key[44] driven by constant 1
WARNING: [Synth 8-3917] design aes_top has port dbg_key[43] driven by constant 0
WARNING: [Synth 8-3917] design aes_top has port dbg_key[42] driven by constant 1
WARNING: [Synth 8-3917] design aes_top has port dbg_key[41] driven by constant 0
WARNING: [Synth 8-3917] design aes_top has port dbg_key[40] driven by constant 1
WARNING: [Synth 8-3917] design aes_top has port dbg_key[39] driven by constant 1
WARNING: [Synth 8-3917] design aes_top has port dbg_key[38] driven by constant 0
WARNING: [Synth 8-3917] design aes_top has port dbg_key[37] driven by constant 0
WARNING: [Synth 8-3917] design aes_top has port dbg_key[36] driven by constant 0
WARNING: [Synth 8-3917] design aes_top has port dbg_key[35] driven by constant 1
WARNING: [Synth 8-3917] design aes_top has port dbg_key[34] driven by constant 0
WARNING: [Synth 8-3917] design aes_top has port dbg_key[33] driven by constant 0
WARNING: [Synth 8-3917] design aes_top has port dbg_key[32] driven by constant 0
WARNING: [Synth 8-3917] design aes_top has port dbg_key[31] driven by constant 0
WARNING: [Synth 8-3917] design aes_top has port dbg_key[30] driven by constant 0
WARNING: [Synth 8-3917] design aes_top has port dbg_key[29] driven by constant 0
WARNING: [Synth 8-3917] design aes_top has port dbg_key[28] driven by constant 0
INFO: [Common 17-14] Message 'Synth 8-3917' appears 100 times and further instances of the messages will be disabled. Use the Tcl command set_msg_config to change the current settings.
---------------------------------------------------------------------------------
Finished Synthesize : Time (s): cpu = 00:00:07 ; elapsed = 00:00:08 . Memory (MB): peak = 1268.098 ; gain = 671.105
---------------------------------------------------------------------------------
---------------------------------------------------------------------------------
Finished Constraint Validation : Time (s): cpu = 00:00:08 ; elapsed = 00:00:09 . Memory (MB): peak = 1268.098 ; gain = 671.105
---------------------------------------------------------------------------------
---------------------------------------------------------------------------------
Start Loading Part and Timing Information
---------------------------------------------------------------------------------
Loading part: xc7a35tcpg236-1
INFO: [Device 21-403] Loading part xc7a35tcpg236-1
---------------------------------------------------------------------------------
Finished Loading Part and Timing Information : Time (s): cpu = 00:00:08 ; elapsed = 00:00:09 . Memory (MB): peak = 1268.098 ; gain = 671.105
---------------------------------------------------------------------------------
INFO: [Synth 8-802] inferred FSM for state register 'state_reg' in module 'key_expansion'
INFO: [Synth 8-802] inferred FSM for state register 'state_reg' in module 'cipher'
INFO: [Synth 8-802] inferred FSM for state register 'state_reg' in module 'inv_cipher'
INFO: [Synth 8-802] inferred FSM for state register 'state_reg' in module 'aes_top'
---------------------------------------------------------------------------------------------------
                   State |                     New Encoding |                Previous Encoding 
---------------------------------------------------------------------------------------------------
                    IDLE |                              001 |                               00
                    BUSY |                              010 |                               01
                    DONE |                              100 |                               10
---------------------------------------------------------------------------------------------------
INFO: [Synth 8-3354] encoded FSM with state register 'state_reg' using encoding 'one-hot' in module 'key_expansion'
---------------------------------------------------------------------------------------------------
                   State |                     New Encoding |                Previous Encoding 
---------------------------------------------------------------------------------------------------
                    IDLE |                              000 |                              000
               ADD_KEY_0 |                              001 |                              001
               SUB_BYTES |                              010 |                              010
              SHIFT_ROWS |                              011 |                              011
                MIX_COLS |                              100 |                              100
                 ADD_KEY |                              101 |                              101
                   FINAL |                              110 |                              110
---------------------------------------------------------------------------------------------------
INFO: [Synth 8-3354] encoded FSM with state register 'state_reg' using encoding 'sequential' in module 'cipher'
---------------------------------------------------------------------------------------------------
                   State |                     New Encoding |                Previous Encoding 
---------------------------------------------------------------------------------------------------
                    IDLE |                              000 |                              000
              ADD_KEY_10 |                              001 |                              001
               INV_SHIFT |                              010 |                              010
                 INV_SUB |                              011 |                              011
                   FINAL |                              100 |                              110
                 ADD_KEY |                              101 |                              100
                 INV_MIX |                              110 |                              101
---------------------------------------------------------------------------------------------------
INFO: [Synth 8-3354] encoded FSM with state register 'state_reg' using encoding 'sequential' in module 'inv_cipher'
---------------------------------------------------------------------------------------------------
                   State |                     New Encoding |                Previous Encoding 
---------------------------------------------------------------------------------------------------
                    IDLE |                            00001 |                              000
                 KEY_EXP |                            00010 |                              001
                 ENCRYPT |                            00100 |                              010
                 DECRYPT |                            01000 |                              011
             SHOW_RESULT |                            10000 |                              100
---------------------------------------------------------------------------------------------------
INFO: [Synth 8-3354] encoded FSM with state register 'state_reg' using encoding 'one-hot' in module 'aes_top'
---------------------------------------------------------------------------------
Finished RTL Optimization Phase 2 : Time (s): cpu = 00:00:09 ; elapsed = 00:00:10 . Memory (MB): peak = 1276.430 ; gain = 679.438
---------------------------------------------------------------------------------
No constraint files found.
---------------------------------------------------------------------------------
Start RTL Component Statistics 
---------------------------------------------------------------------------------
Detailed RTL Component Info : 
+---Adders : 
	   2 Input    4 Bit       Adders := 3     
	   2 Input    1 Bit       Adders := 1     
+---XORs : 
	   2 Input    128 Bit         XORs := 4     
	   2 Input     32 Bit         XORs := 5     
	   7 Input      8 Bit         XORs := 32    
	   2 Input      8 Bit         XORs := 32    
+---Registers : 
	             1408 Bit    Registers := 1     
	              128 Bit    Registers := 16    
	               32 Bit    Registers := 2     
	                8 Bit    Registers := 1     
	                4 Bit    Registers := 3     
	                1 Bit    Registers := 8     
+---Muxes : 
	   2 Input  128 Bit        Muxes := 10    
	   3 Input  128 Bit        Muxes := 10    
	   7 Input  128 Bit        Muxes := 3     
	   3 Input    4 Bit        Muxes := 1     
	   7 Input    4 Bit        Muxes := 2     
	   7 Input    3 Bit        Muxes := 2     
	   2 Input    3 Bit        Muxes := 3     
	   5 Input    3 Bit        Muxes := 1     
	   2 Input    1 Bit        Muxes := 1     
	   3 Input    1 Bit        Muxes := 6     
	   7 Input    1 Bit        Muxes := 11    
	   5 Input    1 Bit        Muxes := 9     
---------------------------------------------------------------------------------
Finished RTL Component Statistics 
---------------------------------------------------------------------------------
---------------------------------------------------------------------------------
Start Part Resource Summary
---------------------------------------------------------------------------------
Part Resources:
DSPs: 90 (col length:60)
BRAMs: 100 (col length: RAMB18 60 RAMB36 30)
---------------------------------------------------------------------------------
Finished Part Resource Summary
---------------------------------------------------------------------------------
No constraint files found.
---------------------------------------------------------------------------------
Start Cross Boundary and Area Optimization
---------------------------------------------------------------------------------
---------------------------------------------------------------------------------
Finished Cross Boundary and Area Optimization : Time (s): cpu = 00:00:40 ; elapsed = 00:00:51 . Memory (MB): peak = 1624.117 ; gain = 1027.125
---------------------------------------------------------------------------------
---------------------------------------------------------------------------------
Start ROM, RAM, DSP, Shift Register and Retiming Reporting
---------------------------------------------------------------------------------

ROM: Preliminary Mapping Report
+--------------+---------------------------------------+---------------+----------------+
|Module Name   | RTL Object                            | Depth x Width | Implemented As | 
+--------------+---------------------------------------+---------------+----------------+
|s_box         | data_out                              | 256x8         | LUT            | 
|inv_s_box     | data_out                              | 256x8         | LUT            | 
|key_expansion | sbox_inst0/data_out                   | 256x8         | LUT            | 
|key_expansion | sbox_inst1/data_out                   | 256x8         | LUT            | 
|key_expansion | sbox_inst2/data_out                   | 256x8         | LUT            | 
|key_expansion | sbox_inst3/data_out                   | 256x8         | LUT            | 
|cipher        | gen_sbox[0].sbox_inst/data_out        | 256x8         | LUT            | 
|cipher        | gen_sbox[1].sbox_inst/data_out        | 256x8         | LUT            | 
|cipher        | gen_sbox[2].sbox_inst/data_out        | 256x8         | LUT            | 
|cipher        | gen_sbox[3].sbox_inst/data_out        | 256x8         | LUT            | 
|cipher        | gen_sbox[4].sbox_inst/data_out        | 256x8         | LUT            | 
|cipher        | gen_sbox[5].sbox_inst/data_out        | 256x8         | LUT            | 
|cipher        | gen_sbox[6].sbox_inst/data_out        | 256x8         | LUT            | 
|cipher        | gen_sbox[7].sbox_inst/data_out        | 256x8         | LUT            | 
|cipher        | gen_sbox[8].sbox_inst/data_out        | 256x8         | LUT            | 
|cipher        | gen_sbox[9].sbox_inst/data_out        | 256x8         | LUT            | 
|cipher        | gen_sbox[10].sbox_inst/data_out       | 256x8         | LUT            | 
|cipher        | gen_sbox[12].sbox_inst/data_out       | 256x8         | LUT            | 
|cipher        | gen_sbox[13].sbox_inst/data_out       | 256x8         | LUT            | 
|cipher        | gen_sbox[14].sbox_inst/data_out       | 256x8         | LUT            | 
|cipher        | gen_sbox[15].sbox_inst/data_out       | 256x8         | LUT            | 
|cipher        | gen_sbox[11].sbox_inst/data_out       | 256x8         | LUT            | 
|inv_cipher    | gen_invsbox[0].invsbox_inst/data_out  | 256x8         | LUT            | 
|inv_cipher    | gen_invsbox[1].invsbox_inst/data_out  | 256x8         | LUT            | 
|inv_cipher    | gen_invsbox[2].invsbox_inst/data_out  | 256x8         | LUT            | 
|inv_cipher    | gen_invsbox[3].invsbox_inst/data_out  | 256x8         | LUT            | 
|inv_cipher    | gen_invsbox[4].invsbox_inst/data_out  | 256x8         | LUT            | 
|inv_cipher    | gen_invsbox[5].invsbox_inst/data_out  | 256x8         | LUT            | 
|inv_cipher    | gen_invsbox[6].invsbox_inst/data_out  | 256x8         | LUT            | 
|inv_cipher    | gen_invsbox[7].invsbox_inst/data_out  | 256x8         | LUT            | 
|inv_cipher    | gen_invsbox[8].invsbox_inst/data_out  | 256x8         | LUT            | 
|inv_cipher    | gen_invsbox[9].invsbox_inst/data_out  | 256x8         | LUT            | 
|inv_cipher    | gen_invsbox[10].invsbox_inst/data_out | 256x8         | LUT            | 
|inv_cipher    | gen_invsbox[11].invsbox_inst/data_out | 256x8         | LUT            | 
|inv_cipher    | gen_invsbox[12].invsbox_inst/data_out | 256x8         | LUT            | 
|inv_cipher    | gen_invsbox[13].invsbox_inst/data_out | 256x8         | LUT            | 
|inv_cipher    | gen_invsbox[14].invsbox_inst/data_out | 256x8         | LUT            | 
|inv_cipher    | gen_invsbox[15].invsbox_inst/data_out | 256x8         | LUT            | 
+--------------+---------------------------------------+---------------+----------------+

---------------------------------------------------------------------------------
Finished ROM, RAM, DSP, Shift Register and Retiming Reporting
---------------------------------------------------------------------------------
No constraint files found.
---------------------------------------------------------------------------------
Start Timing Optimization
---------------------------------------------------------------------------------
---------------------------------------------------------------------------------
Finished Timing Optimization : Time (s): cpu = 00:00:41 ; elapsed = 00:00:52 . Memory (MB): peak = 1624.117 ; gain = 1027.125
---------------------------------------------------------------------------------
---------------------------------------------------------------------------------
Start Technology Mapping
---------------------------------------------------------------------------------
---------------------------------------------------------------------------------
Finished Technology Mapping : Time (s): cpu = 00:00:42 ; elapsed = 00:00:53 . Memory (MB): peak = 1624.117 ; gain = 1027.125
---------------------------------------------------------------------------------
---------------------------------------------------------------------------------
Start IO Insertion
---------------------------------------------------------------------------------
---------------------------------------------------------------------------------
Start Flattening Before IO Insertion
---------------------------------------------------------------------------------
---------------------------------------------------------------------------------
Finished Flattening Before IO Insertion
---------------------------------------------------------------------------------
---------------------------------------------------------------------------------
Start Final Netlist Cleanup
---------------------------------------------------------------------------------
---------------------------------------------------------------------------------
Finished Final Netlist Cleanup
---------------------------------------------------------------------------------

*** Running vivado
    with args -log aes_top.vds -m64 -product Vivado -mode batch -messageDb vivado.pb -notrace -source aes_top.tcl



****** Vivado v2025.2 (64-bit)
  **** SW Build 6299465 on Fri Nov 14 19:35:11 GMT 2025
  **** IP Build 6300035 on Fri Nov 14 10:48:45 MST 2025
  **** SharedData Build 6298862 on Thu Nov 13 04:50:51 MST 2025
  **** Start of session at: Wed Apr 22 12:51:34 2026
    ** Copyright 1986-2022 Xilinx, Inc. All Rights Reserved.
    ** Copyright 2022-2025 Advanced Micro Devices, Inc. All Rights Reserved.

Sourcing tcl script 'C:/AMDDesignTools/2025.2/Vivado/scripts/Vivado_init.tcl'
source aes_top.tcl -notrace
WARNING: [Board 49-91] Board repository path '<extracted path>/vivado-boards/new/board_files' does not exist, it will not be used to search board files.
create_project: Time (s): cpu = 00:00:18 ; elapsed = 00:00:11 . Memory (MB): peak = 590.441 ; gain = 257.871
Command: synth_design -top aes_top -part xc7a35tcpg236-1
Starting synth_design
Attempting to get a license for feature 'Synthesis' and/or device 'xc7a35t'
INFO: [Common 17-349] Got license for feature 'Synthesis' and/or device 'xc7a35t'
INFO: [Synth 8-7079] Multithreading enabled for synth_design using a maximum of 2 processes.
INFO: [Synth 8-7078] Launching helper process for spawning children vivado processes
INFO: [Synth 8-7075] Helper process launched with PID 13132
---------------------------------------------------------------------------------
Starting Synthesize : Time (s): cpu = 00:00:07 ; elapsed = 00:00:08 . Memory (MB): peak = 1129.746 ; gain = 535.336
---------------------------------------------------------------------------------
INFO: [Synth 8-6157] synthesizing module 'aes_top' [C:/Users/rauna/Documents/verilog_vivado/PBL_AES128bits_whole/PBL_AES128bits_whole.srcs/sources_1/new/aes_top.v:4]
INFO: [Synth 8-6157] synthesizing module 'clock_divider' [C:/Users/rauna/Documents/verilog_vivado/PBL_AES128bits_whole/PBL_AES128bits_whole.srcs/sources_1/new/clock_divider.v:51]
INFO: [Synth 8-6155] done synthesizing module 'clock_divider' (0#1) [C:/Users/rauna/Documents/verilog_vivado/PBL_AES128bits_whole/PBL_AES128bits_whole.srcs/sources_1/new/clock_divider.v:51]
INFO: [Synth 8-6157] synthesizing module 'key_expansion' [C:/Users/rauna/Documents/verilog_vivado/PBL_AES128bits_whole/PBL_AES128bits_whole.srcs/sources_1/new/key_expansion.v:4]
INFO: [Synth 8-226] default block is never used [C:/Users/rauna/Documents/verilog_vivado/PBL_AES128bits_whole/PBL_AES128bits_whole.srcs/sources_1/new/key_expansion.v:27]
INFO: [Synth 8-6155] done synthesizing module 'key_expansion' (0#1) [C:/Users/rauna/Documents/verilog_vivado/PBL_AES128bits_whole/PBL_AES128bits_whole.srcs/sources_1/new/key_expansion.v:4]
INFO: [Synth 8-6157] synthesizing module 'cipher' [C:/Users/rauna/Documents/verilog_vivado/PBL_AES128bits_whole/PBL_AES128bits_whole.srcs/sources_1/new/cipher.v:17]
INFO: [Synth 8-6157] synthesizing module 's_box' [C:/Users/rauna/Documents/verilog_vivado/PBL_AES128bits_whole/PBL_AES128bits_whole.srcs/sources_1/new/s_box.v:4]
INFO: [Synth 8-226] default block is never used [C:/Users/rauna/Documents/verilog_vivado/PBL_AES128bits_whole/PBL_AES128bits_whole.srcs/sources_1/new/s_box.v:9]
INFO: [Synth 8-6155] done synthesizing module 's_box' (0#1) [C:/Users/rauna/Documents/verilog_vivado/PBL_AES128bits_whole/PBL_AES128bits_whole.srcs/sources_1/new/s_box.v:4]
INFO: [Synth 8-6155] done synthesizing module 'cipher' (0#1) [C:/Users/rauna/Documents/verilog_vivado/PBL_AES128bits_whole/PBL_AES128bits_whole.srcs/sources_1/new/cipher.v:17]
INFO: [Synth 8-6157] synthesizing module 'inv_cipher' [C:/Users/rauna/Documents/verilog_vivado/PBL_AES128bits_whole/PBL_AES128bits_whole.srcs/sources_1/new/inv_cipher.v:8]
INFO: [Synth 8-6157] synthesizing module 'inv_s_box' [C:/Users/rauna/Documents/verilog_vivado/PBL_AES128bits_whole/PBL_AES128bits_whole.srcs/sources_1/new/inv_s_box.v:4]
INFO: [Synth 8-226] default block is never used [C:/Users/rauna/Documents/verilog_vivado/PBL_AES128bits_whole/PBL_AES128bits_whole.srcs/sources_1/new/inv_s_box.v:9]
INFO: [Synth 8-6155] done synthesizing module 'inv_s_box' (0#1) [C:/Users/rauna/Documents/verilog_vivado/PBL_AES128bits_whole/PBL_AES128bits_whole.srcs/sources_1/new/inv_s_box.v:4]
INFO: [Synth 8-6155] done synthesizing module 'inv_cipher' (0#1) [C:/Users/rauna/Documents/verilog_vivado/PBL_AES128bits_whole/PBL_AES128bits_whole.srcs/sources_1/new/inv_cipher.v:8]
INFO: [Synth 8-6155] done synthesizing module 'aes_top' (0#1) [C:/Users/rauna/Documents/verilog_vivado/PBL_AES128bits_whole/PBL_AES128bits_whole.srcs/sources_1/new/aes_top.v:4]
WARNING: [Synth 8-6014] Unused sequential element ks.b_reg was removed.  [C:/Users/rauna/Documents/verilog_vivado/PBL_AES128bits_whole/PBL_AES128bits_whole.srcs/sources_1/new/key_expansion.v:117]
WARNING: [Synth 8-6014] Unused sequential element ks.prev_reg was removed.  [C:/Users/rauna/Documents/verilog_vivado/PBL_AES128bits_whole/PBL_AES128bits_whole.srcs/sources_1/new/key_expansion.v:118]
WARNING: [Synth 8-6014] Unused sequential element ks.rotw_reg was removed.  [C:/Users/rauna/Documents/verilog_vivado/PBL_AES128bits_whole/PBL_AES128bits_whole.srcs/sources_1/new/key_expansion.v:119]
WARNING: [Synth 8-6014] Unused sequential element ks.subw_reg was removed.  [C:/Users/rauna/Documents/verilog_vivado/PBL_AES128bits_whole/PBL_AES128bits_whole.srcs/sources_1/new/key_expansion.v:120]
WARNING: [Synth 8-6014] Unused sequential element ks.t_reg was removed.  [C:/Users/rauna/Documents/verilog_vivado/PBL_AES128bits_whole/PBL_AES128bits_whole.srcs/sources_1/new/key_expansion.v:122]
WARNING: [Synth 8-6014] Unused sequential element ks.nw0_reg was removed.  [C:/Users/rauna/Documents/verilog_vivado/PBL_AES128bits_whole/PBL_AES128bits_whole.srcs/sources_1/new/key_expansion.v:123]
WARNING: [Synth 8-6014] Unused sequential element ks.nw1_reg was removed.  [C:/Users/rauna/Documents/verilog_vivado/PBL_AES128bits_whole/PBL_AES128bits_whole.srcs/sources_1/new/key_expansion.v:123]
WARNING: [Synth 8-6014] Unused sequential element ks.nw2_reg was removed.  [C:/Users/rauna/Documents/verilog_vivado/PBL_AES128bits_whole/PBL_AES128bits_whole.srcs/sources_1/new/key_expansion.v:124]
WARNING: [Synth 8-6014] Unused sequential element ks.nw3_reg was removed.  [C:/Users/rauna/Documents/verilog_vivado/PBL_AES128bits_whole/PBL_AES128bits_whole.srcs/sources_1/new/key_expansion.v:124]
WARNING: [Synth 8-3917] design aes_top has port dbg_key[127] driven by constant 0
WARNING: [Synth 8-3917] design aes_top has port dbg_key[126] driven by constant 0
WARNING: [Synth 8-3917] design aes_top has port dbg_key[125] driven by constant 1
WARNING: [Synth 8-3917] design aes_top has port dbg_key[124] driven by constant 0
WARNING: [Synth 8-3917] design aes_top has port dbg_key[123] driven by constant 1
WARNING: [Synth 8-3917] design aes_top has port dbg_key[122] driven by constant 0
WARNING: [Synth 8-3917] design aes_top has port dbg_key[121] driven by constant 1
WARNING: [Synth 8-3917] design aes_top has port dbg_key[120] driven by constant 1
WARNING: [Synth 8-3917] design aes_top has port dbg_key[119] driven by constant 0
WARNING: [Synth 8-3917] design aes_top has port dbg_key[118] driven by constant 1
WARNING: [Synth 8-3917] design aes_top has port dbg_key[117] driven by constant 1
WARNING: [Synth 8-3917] design aes_top has port dbg_key[116] driven by constant 1
WARNING: [Synth 8-3917] design aes_top has port dbg_key[115] driven by constant 1
WARNING: [Synth 8-3917] design aes_top has port dbg_key[114] driven by constant 1
WARNING: [Synth 8-3917] design aes_top has port dbg_key[113] driven by constant 1
WARNING: [Synth 8-3917] design aes_top has port dbg_key[112] driven by constant 0
WARNING: [Synth 8-3917] design aes_top has port dbg_key[111] driven by constant 0
WARNING: [Synth 8-3917] design aes_top has port dbg_key[110] driven by constant 0
WARNING: [Synth 8-3917] design aes_top has port dbg_key[109] driven by constant 0
WARNING: [Synth 8-3917] design aes_top has port dbg_key[108] driven by constant 1
WARNING: [Synth 8-3917] design aes_top has port dbg_key[107] driven by constant 0
WARNING: [Synth 8-3917] design aes_top has port dbg_key[106] driven by constant 1
WARNING: [Synth 8-3917] design aes_top has port dbg_key[105] driven by constant 0
WARNING: [Synth 8-3917] design aes_top has port dbg_key[104] driven by constant 1
WARNING: [Synth 8-3917] design aes_top has port dbg_key[103] driven by constant 0
WARNING: [Synth 8-3917] design aes_top has port dbg_key[102] driven by constant 0
WARNING: [Synth 8-3917] design aes_top has port dbg_key[101] driven by constant 0
WARNING: [Synth 8-3917] design aes_top has port dbg_key[100] driven by constant 1
WARNING: [Synth 8-3917] design aes_top has port dbg_key[99] driven by constant 0
WARNING: [Synth 8-3917] design aes_top has port dbg_key[98] driven by constant 1
WARNING: [Synth 8-3917] design aes_top has port dbg_key[97] driven by constant 1
WARNING: [Synth 8-3917] design aes_top has port dbg_key[96] driven by constant 0
WARNING: [Synth 8-3917] design aes_top has port dbg_key[95] driven by constant 0
WARNING: [Synth 8-3917] design aes_top has port dbg_key[94] driven by constant 0
WARNING: [Synth 8-3917] design aes_top has port dbg_key[93] driven by constant 1
WARNING: [Synth 8-3917] design aes_top has port dbg_key[92] driven by constant 0
WARNING: [Synth 8-3917] design aes_top has port dbg_key[91] driven by constant 1
WARNING: [Synth 8-3917] design aes_top has port dbg_key[90] driven by constant 0
WARNING: [Synth 8-3917] design aes_top has port dbg_key[89] driven by constant 0
WARNING: [Synth 8-3917] design aes_top has port dbg_key[88] driven by constant 0
WARNING: [Synth 8-3917] design aes_top has port dbg_key[87] driven by constant 1
WARNING: [Synth 8-3917] design aes_top has port dbg_key[86] driven by constant 0
WARNING: [Synth 8-3917] design aes_top has port dbg_key[85] driven by constant 1
WARNING: [Synth 8-3917] design aes_top has port dbg_key[84] driven by constant 0
WARNING: [Synth 8-3917] design aes_top has port dbg_key[83] driven by constant 1
WARNING: [Synth 8-3917] design aes_top has port dbg_key[82] driven by constant 1
WARNING: [Synth 8-3917] design aes_top has port dbg_key[81] driven by constant 1
WARNING: [Synth 8-3917] design aes_top has port dbg_key[80] driven by constant 0
WARNING: [Synth 8-3917] design aes_top has port dbg_key[79] driven by constant 1
WARNING: [Synth 8-3917] design aes_top has port dbg_key[78] driven by constant 1
WARNING: [Synth 8-3917] design aes_top has port dbg_key[77] driven by constant 0
WARNING: [Synth 8-3917] design aes_top has port dbg_key[76] driven by constant 1
WARNING: [Synth 8-3917] design aes_top has port dbg_key[75] driven by constant 0
WARNING: [Synth 8-3917] design aes_top has port dbg_key[74] driven by constant 0
WARNING: [Synth 8-3917] design aes_top has port dbg_key[73] driven by constant 1
WARNING: [Synth 8-3917] design aes_top has port dbg_key[72] driven by constant 0
WARNING: [Synth 8-3917] design aes_top has port dbg_key[71] driven by constant 1
WARNING: [Synth 8-3917] design aes_top has port dbg_key[70] driven by constant 0
WARNING: [Synth 8-3917] design aes_top has port dbg_key[69] driven by constant 1
WARNING: [Synth 8-3917] design aes_top has port dbg_key[68] driven by constant 0
WARNING: [Synth 8-3917] design aes_top has port dbg_key[67] driven by constant 0
WARNING: [Synth 8-3917] design aes_top has port dbg_key[66] driven by constant 1
WARNING: [Synth 8-3917] design aes_top has port dbg_key[65] driven by constant 1
WARNING: [Synth 8-3917] design aes_top has port dbg_key[64] driven by constant 0
WARNING: [Synth 8-3917] design aes_top has port dbg_key[63] driven by constant 1
WARNING: [Synth 8-3917] design aes_top has port dbg_key[62] driven by constant 0
WARNING: [Synth 8-3917] design aes_top has port dbg_key[61] driven by constant 1
WARNING: [Synth 8-3917] design aes_top has port dbg_key[60] driven by constant 0
WARNING: [Synth 8-3917] design aes_top has port dbg_key[59] driven by constant 1
WARNING: [Synth 8-3917] design aes_top has port dbg_key[58] driven by constant 0
WARNING: [Synth 8-3917] design aes_top has port dbg_key[57] driven by constant 1
WARNING: [Synth 8-3917] design aes_top has port dbg_key[56] driven by constant 1
WARNING: [Synth 8-3917] design aes_top has port dbg_key[55] driven by constant 1
WARNING: [Synth 8-3917] design aes_top has port dbg_key[54] driven by constant 1
WARNING: [Synth 8-3917] design aes_top has port dbg_key[53] driven by constant 1
WARNING: [Synth 8-3917] design aes_top has port dbg_key[52] driven by constant 1
WARNING: [Synth 8-3917] design aes_top has port dbg_key[51] driven by constant 0
WARNING: [Synth 8-3917] design aes_top has port dbg_key[50] driven by constant 1
WARNING: [Synth 8-3917] design aes_top has port dbg_key[49] driven by constant 1
WARNING: [Synth 8-3917] design aes_top has port dbg_key[48] driven by constant 1
WARNING: [Synth 8-3917] design aes_top has port dbg_key[47] driven by constant 0
WARNING: [Synth 8-3917] design aes_top has port dbg_key[46] driven by constant 0
WARNING: [Synth 8-3917] design aes_top has port dbg_key[45] driven by constant 0
WARNING: [Synth 8-3917] design aes_top has port dbg_key[44] driven by constant 1
WARNING: [Synth 8-3917] design aes_top has port dbg_key[43] driven by constant 0
WARNING: [Synth 8-3917] design aes_top has port dbg_key[42] driven by constant 1
WARNING: [Synth 8-3917] design aes_top has port dbg_key[41] driven by constant 0
WARNING: [Synth 8-3917] design aes_top has port dbg_key[40] driven by constant 1
WARNING: [Synth 8-3917] design aes_top has port dbg_key[39] driven by constant 1
WARNING: [Synth 8-3917] design aes_top has port dbg_key[38] driven by constant 0
WARNING: [Synth 8-3917] design aes_top has port dbg_key[37] driven by constant 0
WARNING: [Synth 8-3917] design aes_top has port dbg_key[36] driven by constant 0
WARNING: [Synth 8-3917] design aes_top has port dbg_key[35] driven by constant 1
WARNING: [Synth 8-3917] design aes_top has port dbg_key[34] driven by constant 0
WARNING: [Synth 8-3917] design aes_top has port dbg_key[33] driven by constant 0
WARNING: [Synth 8-3917] design aes_top has port dbg_key[32] driven by constant 0
WARNING: [Synth 8-3917] design aes_top has port dbg_key[31] driven by constant 0
WARNING: [Synth 8-3917] design aes_top has port dbg_key[30] driven by constant 0
WARNING: [Synth 8-3917] design aes_top has port dbg_key[29] driven by constant 0
WARNING: [Synth 8-3917] design aes_top has port dbg_key[28] driven by constant 0
INFO: [Common 17-14] Message 'Synth 8-3917' appears 100 times and further instances of the messages will be disabled. Use the Tcl command set_msg_config to change the current settings.
---------------------------------------------------------------------------------
Finished Synthesize : Time (s): cpu = 00:00:10 ; elapsed = 00:00:11 . Memory (MB): peak = 1271.320 ; gain = 676.910
---------------------------------------------------------------------------------
---------------------------------------------------------------------------------
Finished Constraint Validation : Time (s): cpu = 00:00:11 ; elapsed = 00:00:12 . Memory (MB): peak = 1271.320 ; gain = 676.910
---------------------------------------------------------------------------------
---------------------------------------------------------------------------------
Start Loading Part and Timing Information
---------------------------------------------------------------------------------
Loading part: xc7a35tcpg236-1
---------------------------------------------------------------------------------
INFO: [Device 21-403] Loading part xc7a35tcpg236-1
Finished Loading Part and Timing Information : Time (s): cpu = 00:00:11 ; elapsed = 00:00:12 . Memory (MB): peak = 1271.320 ; gain = 676.910
---------------------------------------------------------------------------------
INFO: [Synth 8-802] inferred FSM for state register 'step_reg' in module 'cipher'
INFO: [Synth 8-802] inferred FSM for state register 'step_reg' in module 'inv_cipher'
INFO: [Synth 8-802] inferred FSM for state register 'state_reg' in module 'aes_top'
---------------------------------------------------------------------------------------------------
                   State |                     New Encoding |                Previous Encoding 
---------------------------------------------------------------------------------------------------
                 iSTATE4 |                              000 |                              000
                  iSTATE |                              001 |                              001
                 iSTATE3 |                              010 |                              010
                 iSTATE0 |                              011 |                              011
                 iSTATE1 |                              100 |                              100
                 iSTATE2 |                              101 |                              101
---------------------------------------------------------------------------------------------------
INFO: [Synth 8-3354] encoded FSM with state register 'step_reg' using encoding 'sequential' in module 'cipher'
---------------------------------------------------------------------------------------------------
                   State |                     New Encoding |                Previous Encoding 
---------------------------------------------------------------------------------------------------
                 iSTATE4 |                              000 |                              000
                  iSTATE |                              001 |                              001
                 iSTATE0 |                              010 |                              010
                 iSTATE1 |                              011 |                              011
                 iSTATE2 |                              100 |                              100
                 iSTATE3 |                              101 |                              101
---------------------------------------------------------------------------------------------------
INFO: [Synth 8-3354] encoded FSM with state register 'step_reg' using encoding 'sequential' in module 'inv_cipher'
---------------------------------------------------------------------------------------------------
                   State |                     New Encoding |                Previous Encoding 
---------------------------------------------------------------------------------------------------
                    IDLE |                            00001 |                              000
                 KEY_EXP |                            00010 |                              001
                 ENCRYPT |                            00100 |                              010
                 DECRYPT |                            01000 |                              011
                    SHOW |                            10000 |                              100
---------------------------------------------------------------------------------------------------
INFO: [Synth 8-3354] encoded FSM with state register 'state_reg' using encoding 'one-hot' in module 'aes_top'
---------------------------------------------------------------------------------
Finished RTL Optimization Phase 2 : Time (s): cpu = 00:00:14 ; elapsed = 00:00:14 . Memory (MB): peak = 1281.102 ; gain = 686.691
---------------------------------------------------------------------------------
No constraint files found.
---------------------------------------------------------------------------------
Start RTL Component Statistics 
---------------------------------------------------------------------------------
Detailed RTL Component Info : 
+---Adders : 
	   2 Input    4 Bit       Adders := 3     
+---XORs : 
	   2 Input    128 Bit         XORs := 6     
	   3 Input     32 Bit         XORs := 1     
	   2 Input     32 Bit         XORs := 3     
	   2 Input      8 Bit         XORs := 91    
	   4 Input      8 Bit         XORs := 12    
	   5 Input      8 Bit         XORs := 4     
	   9 Input      8 Bit         XORs := 6     
	   8 Input      8 Bit         XORs := 10    
+---Registers : 
	             1408 Bit    Registers := 1     
	              128 Bit    Registers := 4     
	               32 Bit    Registers := 44    
	                8 Bit    Registers := 1     
	                4 Bit    Registers := 3     
	                1 Bit    Registers := 8     
+---Muxes : 
	   3 Input 1408 Bit        Muxes := 2     
	   2 Input  128 Bit        Muxes := 3     
	   6 Input  128 Bit        Muxes := 4     
	   3 Input   32 Bit        Muxes := 4     
	   4 Input    4 Bit        Muxes := 1     
	   6 Input    4 Bit        Muxes := 2     
	   6 Input    3 Bit        Muxes := 2     
	   2 Input    3 Bit        Muxes := 2     
	   5 Input    3 Bit        Muxes := 1     
	   3 Input    1 Bit        Muxes := 24    
	   4 Input    1 Bit        Muxes := 1     
	   2 Input    1 Bit        Muxes := 4     
	   6 Input    1 Bit        Muxes := 10    
	   5 Input    1 Bit        Muxes := 5     
---------------------------------------------------------------------------------
Finished RTL Component Statistics 
---------------------------------------------------------------------------------
---------------------------------------------------------------------------------
Start Part Resource Summary
---------------------------------------------------------------------------------
Part Resources:
DSPs: 90 (col length:60)
BRAMs: 100 (col length: RAMB18 60 RAMB36 30)
---------------------------------------------------------------------------------
Finished Part Resource Summary
---------------------------------------------------------------------------------
No constraint files found.
---------------------------------------------------------------------------------
Start Cross Boundary and Area Optimization
---------------------------------------------------------------------------------
---------------------------------------------------------------------------------
Finished Cross Boundary and Area Optimization : Time (s): cpu = 00:01:01 ; elapsed = 00:01:05 . Memory (MB): peak = 1660.246 ; gain = 1065.836
---------------------------------------------------------------------------------
---------------------------------------------------------------------------------
Start ROM, RAM, DSP, Shift Register and Retiming Reporting
---------------------------------------------------------------------------------

ROM: Preliminary Mapping Report
+--------------+------------------------+---------------+----------------+
|Module Name   | RTL Object             | Depth x Width | Implemented As | 
+--------------+------------------------+---------------+----------------+
|key_expansion | sbox_fn                | 256x8         | LUT            | 
|key_expansion | sbox_fn                | 256x8         | LUT            | 
|key_expansion | sbox_fn                | 256x8         | LUT            | 
|key_expansion | sbox_fn                | 256x8         | LUT            | 
|s_box         | data_out               | 256x8         | LUT            | 
|inv_s_box     | data_out               | 256x8         | LUT            | 
|key_expansion | sbox_fn                | 256x8         | LUT            | 
|key_expansion | sbox_fn                | 256x8         | LUT            | 
|key_expansion | sbox_fn                | 256x8         | LUT            | 
|key_expansion | sbox_fn                | 256x8         | LUT            | 
|cipher        | sg[15].u_sb/data_out   | 256x8         | LUT            | 
|cipher        | sg[14].u_sb/data_out   | 256x8         | LUT            | 
|cipher        | sg[13].u_sb/data_out   | 256x8         | LUT            | 
|cipher        | sg[12].u_sb/data_out   | 256x8         | LUT            | 
|cipher        | sg[11].u_sb/data_out   | 256x8         | LUT            | 
|cipher        | sg[10].u_sb/data_out   | 256x8         | LUT            | 
|cipher        | sg[9].u_sb/data_out    | 256x8         | LUT            | 
|cipher        | sg[8].u_sb/data_out    | 256x8         | LUT            | 
|cipher        | sg[7].u_sb/data_out    | 256x8         | LUT            | 
|cipher        | sg[6].u_sb/data_out    | 256x8         | LUT            | 
|cipher        | sg[5].u_sb/data_out    | 256x8         | LUT            | 
|cipher        | sg[4].u_sb/data_out    | 256x8         | LUT            | 
|cipher        | sg[3].u_sb/data_out    | 256x8         | LUT            | 
|cipher        | sg[2].u_sb/data_out    | 256x8         | LUT            | 
|cipher        | sg[1].u_sb/data_out    | 256x8         | LUT            | 
|cipher        | sg[0].u_sb/data_out    | 256x8         | LUT            | 
|inv_cipher    | isg[15].u_isb/data_out | 256x8         | LUT            | 
|inv_cipher    | isg[14].u_isb/data_out | 256x8         | LUT            | 
|inv_cipher    | isg[13].u_isb/data_out | 256x8         | LUT            | 
|inv_cipher    | isg[12].u_isb/data_out | 256x8         | LUT            | 
|inv_cipher    | isg[11].u_isb/data_out | 256x8         | LUT            | 
|inv_cipher    | isg[10].u_isb/data_out | 256x8         | LUT            | 
|inv_cipher    | isg[9].u_isb/data_out  | 256x8         | LUT            | 
|inv_cipher    | isg[8].u_isb/data_out  | 256x8         | LUT            | 
|inv_cipher    | isg[7].u_isb/data_out  | 256x8         | LUT            | 
|inv_cipher    | isg[6].u_isb/data_out  | 256x8         | LUT            | 
|inv_cipher    | isg[5].u_isb/data_out  | 256x8         | LUT            | 
|inv_cipher    | isg[4].u_isb/data_out  | 256x8         | LUT            | 
|inv_cipher    | isg[3].u_isb/data_out  | 256x8         | LUT            | 
|inv_cipher    | isg[2].u_isb/data_out  | 256x8         | LUT            | 
|inv_cipher    | isg[1].u_isb/data_out  | 256x8         | LUT            | 
|inv_cipher    | isg[0].u_isb/data_out  | 256x8         | LUT            | 
+--------------+------------------------+---------------+----------------+

---------------------------------------------------------------------------------
Finished ROM, RAM, DSP, Shift Register and Retiming Reporting
---------------------------------------------------------------------------------
No constraint files found.
---------------------------------------------------------------------------------
Start Timing Optimization
---------------------------------------------------------------------------------
---------------------------------------------------------------------------------
Finished Timing Optimization : Time (s): cpu = 00:01:04 ; elapsed = 00:01:07 . Memory (MB): peak = 1660.246 ; gain = 1065.836
---------------------------------------------------------------------------------
---------------------------------------------------------------------------------
Start Technology Mapping
---------------------------------------------------------------------------------
---------------------------------------------------------------------------------
Finished Technology Mapping : Time (s): cpu = 00:01:06 ; elapsed = 00:01:10 . Memory (MB): peak = 1660.246 ; gain = 1065.836
---------------------------------------------------------------------------------
---------------------------------------------------------------------------------
Start IO Insertion
---------------------------------------------------------------------------------
---------------------------------------------------------------------------------
Start Flattening Before IO Insertion
---------------------------------------------------------------------------------
---------------------------------------------------------------------------------
Finished Flattening Before IO Insertion
---------------------------------------------------------------------------------
---------------------------------------------------------------------------------
Start Final Netlist Cleanup
---------------------------------------------------------------------------------
---------------------------------------------------------------------------------
Finished Final Netlist Cleanup
---------------------------------------------------------------------------------
---------------------------------------------------------------------------------
Finished IO Insertion : Time (s): cpu = 00:01:11 ; elapsed = 00:01:15 . Memory (MB): peak = 1724.656 ; gain = 1130.246
---------------------------------------------------------------------------------
---------------------------------------------------------------------------------
Start Renaming Generated Instances
---------------------------------------------------------------------------------
---------------------------------------------------------------------------------
Finished Renaming Generated Instances : Time (s): cpu = 00:01:11 ; elapsed = 00:01:15 . Memory (MB): peak = 1724.656 ; gain = 1130.246
---------------------------------------------------------------------------------
---------------------------------------------------------------------------------
Start Rebuilding User Hierarchy
---------------------------------------------------------------------------------
---------------------------------------------------------------------------------
Finished Rebuilding User Hierarchy : Time (s): cpu = 00:01:12 ; elapsed = 00:01:15 . Memory (MB): peak = 1724.656 ; gain = 1130.246
---------------------------------------------------------------------------------
---------------------------------------------------------------------------------
Start Renaming Generated Ports
---------------------------------------------------------------------------------
---------------------------------------------------------------------------------
Finished Renaming Generated Ports : Time (s): cpu = 00:01:12 ; elapsed = 00:01:15 . Memory (MB): peak = 1724.656 ; gain = 1130.246
---------------------------------------------------------------------------------
---------------------------------------------------------------------------------
Start Handling Custom Attributes
---------------------------------------------------------------------------------
---------------------------------------------------------------------------------
Finished Handling Custom Attributes : Time (s): cpu = 00:01:12 ; elapsed = 00:01:16 . Memory (MB): peak = 1724.656 ; gain = 1130.246
---------------------------------------------------------------------------------
---------------------------------------------------------------------------------
Start Renaming Generated Nets
---------------------------------------------------------------------------------
---------------------------------------------------------------------------------
Finished Renaming Generated Nets : Time (s): cpu = 00:01:12 ; elapsed = 00:01:16 . Memory (MB): peak = 1724.656 ; gain = 1130.246
---------------------------------------------------------------------------------
---------------------------------------------------------------------------------
Start Writing Synthesis Report
---------------------------------------------------------------------------------

Report BlackBoxes: 
+-+--------------+----------+
| |BlackBox name |Instances |
+-+--------------+----------+
+-+--------------+----------+

Report Cell Usage: 
+------+------+------+
|      |Cell  |Count |
+------+------+------+
|1     |BUFG  |     2|
|2     |LUT1  |     3|
|3     |LUT2  |   351|
|4     |LUT3  |    44|
|5     |LUT4  |    73|
|6     |LUT5  |   445|
|7     |LUT6  |  3230|
|8     |MUXF7 |   800|
|9     |MUXF8 |   252|
|10    |FDCE  |  3398|
|11    |FDPE  |     1|
|12    |IBUF  |     3|
|13    |OBUF  |   527|
+------+------+------+

Report Instance Areas: 
+------+--------------------+--------------+------+
|      |Instance            |Module        |Cells |
+------+--------------------+--------------+------+
|1     |top                 |              |  9129|
|2     |  u_dec             |inv_cipher    |  1706|
|3     |    \isg[15].u_isb  |inv_s_box_20  |    24|
|4     |    \isg[14].u_isb  |inv_s_box_19  |    24|
|5     |    \isg[13].u_isb  |inv_s_box_18  |    24|
|6     |    \isg[12].u_isb  |inv_s_box_17  |    24|
|7     |    \isg[11].u_isb  |inv_s_box_16  |    24|
|8     |    \isg[10].u_isb  |inv_s_box_15  |    24|
|9     |    \isg[9].u_isb   |inv_s_box_29  |    24|
|10    |    \isg[8].u_isb   |inv_s_box_28  |    24|
|11    |    \isg[7].u_isb   |inv_s_box_27  |    24|
|12    |    \isg[6].u_isb   |inv_s_box_26  |    24|
|13    |    \isg[5].u_isb   |inv_s_box_25  |    24|
|14    |    \isg[4].u_isb   |inv_s_box_24  |    24|
|15    |    \isg[3].u_isb   |inv_s_box_23  |    24|
|16    |    \isg[2].u_isb   |inv_s_box_22  |    24|
|17    |    \isg[1].u_isb   |inv_s_box_21  |    24|
|18    |    \isg[0].u_isb   |inv_s_box     |    24|
|19    |  u_clkdiv          |clock_divider |     2|
|20    |  u_enc             |cipher        |  1731|
|21    |    \sg[15].u_sb    |s_box_5       |    24|
|22    |    \sg[14].u_sb    |s_box_4       |    24|
|23    |    \sg[13].u_sb    |s_box_3       |    24|
|24    |    \sg[12].u_sb    |s_box_2       |    23|
|25    |    \sg[11].u_sb    |s_box_1       |    24|
|26    |    \sg[10].u_sb    |s_box_0       |    24|
|27    |    \sg[9].u_sb     |s_box_14      |    24|
|28    |    \sg[8].u_sb     |s_box_13      |    23|
|29    |    \sg[7].u_sb     |s_box_12      |    24|
|30    |    \sg[6].u_sb     |s_box_11      |    24|
|31    |    \sg[5].u_sb     |s_box_10      |    24|
|32    |    \sg[4].u_sb     |s_box_9       |    23|
|33    |    \sg[3].u_sb     |s_box_8       |    24|
|34    |    \sg[2].u_sb     |s_box_7       |    24|
|35    |    \sg[1].u_sb     |s_box_6       |    24|
|36    |    \sg[0].u_sb     |s_box         |    23|
|37    |  u_kex             |key_expansion |  5136|
+------+--------------------+--------------+------+
---------------------------------------------------------------------------------
Finished Writing Synthesis Report : Time (s): cpu = 00:01:12 ; elapsed = 00:01:16 . Memory (MB): peak = 1724.656 ; gain = 1130.246
---------------------------------------------------------------------------------
Synthesis finished with 0 errors, 0 critical warnings and 521 warnings.
Synthesis Optimization Runtime : Time (s): cpu = 00:01:12 ; elapsed = 00:01:16 . Memory (MB): peak = 1724.656 ; gain = 1130.246
Synthesis Optimization Complete : Time (s): cpu = 00:01:12 ; elapsed = 00:01:16 . Memory (MB): peak = 1724.656 ; gain = 1130.246
INFO: [Project 1-571] Translating synthesized netlist
Netlist sorting complete. Time (s): cpu = 00:00:00 ; elapsed = 00:00:00.084 . Memory (MB): peak = 1739.938 ; gain = 0.000
INFO: [Netlist 29-17] Analyzing 1052 Unisim elements for replacement
INFO: [Netlist 29-28] Unisim Transformation completed in 0 CPU seconds
INFO: [Project 1-570] Preparing netlist for logic optimization
INFO: [Opt 31-138] Pushed 0 inverter(s) to 0 load pin(s).
Netlist sorting complete. Time (s): cpu = 00:00:00 ; elapsed = 00:00:00.003 . Memory (MB): peak = 1852.383 ; gain = 0.000
INFO: [Project 1-111] Unisim Transformation Summary:
No Unisim elements were transformed.

Synth Design complete | Checksum: d4de66f1
INFO: [Common 17-83] Releasing license: Synthesis
36 Infos, 110 Warnings, 0 Critical Warnings and 0 Errors encountered.
synth_design completed successfully
synth_design: Time (s): cpu = 00:01:16 ; elapsed = 00:01:21 . Memory (MB): peak = 1852.383 ; gain = 1261.941
Write ShapeDB Complete: Time (s): cpu = 00:00:00 ; elapsed = 00:00:00.024 . Memory (MB): peak = 1852.383 ; gain = 0.000
INFO: [Common 17-1381] The checkpoint 'C:/Users/rauna/Documents/verilog_vivado/PBL_AES128bits_whole/PBL_AES128bits_whole.runs/synth_1/aes_top.dcp' has been generated.
INFO: [Vivado 12-24828] Executing command : report_utilization -file aes_top_utilization_synth.rpt -pb aes_top_utilization_synth.pb
INFO: [Common 17-206] Exiting Vivado at Wed Apr 22 12:53:14 2026...
