#-----------------------------------------------------------
# Vivado v2025.2 (64-bit)
# SW Build 6299465 on Fri Nov 14 19:35:11 GMT 2025
# IP Build 6300035 on Fri Nov 14 10:48:45 MST 2025
# SharedData Build 6298862 on Thu Nov 13 04:50:51 MST 2025
# Start of session at: Wed Apr 22 12:51:34 2026
# Process ID         : 21008
# Current directory  : C:/Users/rauna/Documents/verilog_vivado/PBL_AES128bits_whole/PBL_AES128bits_whole.runs/synth_1
# Command line       : vivado.exe -log aes_top.vds -product Vivado -mode batch -messageDb vivado.pb -notrace -source aes_top.tcl
# Log file           : C:/Users/rauna/Documents/verilog_vivado/PBL_AES128bits_whole/PBL_AES128bits_whole.runs/synth_1/aes_top.vds
# Journal file       : C:/Users/rauna/Documents/verilog_vivado/PBL_AES128bits_whole/PBL_AES128bits_whole.runs/synth_1\vivado.jou
# Running On         : Raunak
# Platform           : Windows Server 2016 or Windows 10
# Operating System   : 26200
# Processor Detail   : AMD Ryzen 5 5600H with Radeon Graphics         
# CPU Frequency      : 3294 MHz
# CPU Physical cores : 6
# CPU Logical cores  : 12
# Host memory        : 16539 MB
# Swap memory        : 1073 MB
# Total Virtual      : 17613 MB
# Available Virtual  : 6013 MB
#-----------------------------------------------------------
source aes_top.tcl -notrace
